[envytheme.com/tf-demo/edufield/index-default.html]
[envytheme.com/tf-demo/edufield/assets/css/bootstrap.min.css]
[envytheme.com/tf-demo/edufield/assets/css/icofont.min.css]
[envytheme.com/tf-demo/edufield/assets/css/classy-nav.min.css]
[envytheme.com/tf-demo/edufield/assets/css/animate.css]
[envytheme.com/tf-demo/edufield/assets/css/owl.carousel.css]
[envytheme.com/tf-demo/edufield/assets/css/magnific-popup.css]
[envytheme.com/tf-demo/edufield/assets/css/owl.theme.default.min.css]
[envytheme.com/tf-demo/edufield/assets/css/style.css]
[backblue.gif]
[fade.gif]
[index.html]
[envytheme.com/tf-demo/edufield/assets/css/responsive.css]
[envytheme.com/tf-demo/edufield/assets/img/favicon.png]
[envytheme.com/tf-demo/edufield/assets/img/logo.png]
[envytheme.com/tf-demo/edufield/index-two.html]
[envytheme.com/tf-demo/edufield/index-three.html]
[envytheme.com/tf-demo/edufield/index-four.html]
[envytheme.com/tf-demo/edufield/about.html]
[envytheme.com/tf-demo/edufield/admission.html]
[envytheme.com/tf-demo/edufield/teacher-style-one.html]
[envytheme.com/tf-demo/edufield/teacher-style-two.html]
[envytheme.com/tf-demo/edufield/single-teacher.html]
[envytheme.com/tf-demo/edufield/courses-style-one.html]
[envytheme.com/tf-demo/edufield/courses-style-two.html]
[envytheme.com/tf-demo/edufield/single-courses.html]
[envytheme.com/tf-demo/edufield/event-style-one.html]
[envytheme.com/tf-demo/edufield/event-style-two.html]
[envytheme.com/tf-demo/edufield/single-events.html]
[envytheme.com/tf-demo/edufield/blog-style-one.html]
[envytheme.com/tf-demo/edufield/blog-style-two.html]
[envytheme.com/tf-demo/edufield/blog-style-three.html]
[envytheme.com/tf-demo/edufield/single-blog.html]
[envytheme.com/tf-demo/edufield/shop-style-one.html]
[envytheme.com/tf-demo/edufield/shop-style-two.html]
[envytheme.com/tf-demo/edufield/single-shop.html]
[envytheme.com/tf-demo/edufield/cart.html]
[envytheme.com/tf-demo/edufield/checkout.html]
[envytheme.com/tf-demo/edufield/contact-style-one.html]
[envytheme.com/tf-demo/edufield/contact-style-two.html]
[envytheme.com/tf-demo/edufield/error.html]
[envytheme.com/tf-demo/edufield/faq.html]
[envytheme.com/tf-demo/edufield/login.html]
[envytheme.com/tf-demo/edufield/register.html]
[envytheme.com/tf-demo/edufield/assets/img/technology.jpg]
[envytheme.com/tf-demo/edufield/assets/img/business.jpg]
[envytheme.com/tf-demo/edufield/assets/img/management.jpg]
[envytheme.com/tf-demo/edufield/assets/img/course-one.jpg]
[envytheme.com/tf-demo/edufield/assets/img/course-two.jpg]
[envytheme.com/tf-demo/edufield/assets/img/course-three.jpg]
[envytheme.com/tf-demo/edufield/assets/img/course-four.jpg]
[envytheme.com/tf-demo/edufield/assets/img/course-five.jpg]
[envytheme.com/tf-demo/edufield/assets/img/course-six.jpg]
[envytheme.com/tf-demo/edufield/assets/img/teacher-one.jpg]
[envytheme.com/tf-demo/edufield/assets/img/teacher-two.jpg]
[envytheme.com/tf-demo/edufield/assets/img/teacher-three.jpg]
[envytheme.com/tf-demo/edufield/assets/img/teacher-four.jpg]
[envytheme.com/tf-demo/edufield/assets/img/teacher-five.jpg]
[envytheme.com/tf-demo/edufield/assets/img/teacher-six.jpg]
[envytheme.com/tf-demo/edufield/assets/img/event-one.jpg]
[envytheme.com/tf-demo/edufield/assets/img/event-two.jpg]
[envytheme.com/tf-demo/edufield/assets/img/event-three.jpg]
[envytheme.com/tf-demo/edufield/assets/img/client1.jpg]
[envytheme.com/tf-demo/edufield/assets/img/client2.jpg]
[envytheme.com/tf-demo/edufield/assets/img/client3.jpg]
[envytheme.com/tf-demo/edufield/assets/img/blog-one.jpg]
[envytheme.com/tf-demo/edufield/assets/img/blog-two.jpg]
[envytheme.com/tf-demo/edufield/assets/img/blog-three.jpg]
[envytheme.com/tf-demo/edufield/assets/js/jquery.min.js]
[envytheme.com/tf-demo/edufield/assets/js/popper.min.js]
[envytheme.com/tf-demo/edufield/assets/js/bootstrap.min.js]
[envytheme.com/tf-demo/edufield/assets/js/classy-nav.min.js]
[envytheme.com/tf-demo/edufield/assets/js/owl.carousel.min.js]
[envytheme.com/tf-demo/edufield/assets/js/jquery.magnific-popup.min.js]
[envytheme.com/tf-demo/edufield/assets/js/jquery.counterup.min.js]
[envytheme.com/tf-demo/edufield/assets/js/waypoints.min.js]
[envytheme.com/tf-demo/edufield/assets/js/form-validator.min.js]
[envytheme.com/tf-demo/edufield/assets/js/contact-form-script.js]
[envytheme.com/tf-demo/edufield/index-default.html]
[envytheme.com/tf-demo/edufield/assets/css/bootstrap.min.css]
[envytheme.com/tf-demo/edufield/assets/js/main.js]
[envytheme.com/tf-demo/edufield/assets/fonts/icofont.woff2]
[envytheme.com/tf-demo/edufield/assets/fonts/icofont.woff]
[envytheme.com/tf-demo/edufield/assets/css/icofont.min.css]
[envytheme.com/tf-demo/edufield/assets/fonts/classycb9b.eot]
[envytheme.com/tf-demo/edufield/assets/fonts/classycb9b.ttf]
[envytheme.com/tf-demo/edufield/assets/fonts/classycb9b.woff]
[envytheme.com/tf-demo/edufield/assets/css/classy-nav.min.css]
[envytheme.com/tf-demo/edufield/assets/css/animate.css]
[envytheme.com/tf-demo/edufield/assets/fonts/classycb9b.svg]
[envytheme.com/tf-demo/edufield/assets/css/owl.carousel.css]
[envytheme.com/tf-demo/edufield/assets/css/magnific-popup.css]
[envytheme.com/tf-demo/edufield/assets/css/owl.theme.default.min.css]
[envytheme.com/tf-demo/edufield/assets/fonts/Aller-BoldItalic.woff2]
[envytheme.com/tf-demo/edufield/assets/fonts/Aller-BoldItalic.woff]
[envytheme.com/tf-demo/edufield/assets/fonts/Aller-Light.woff2]
[envytheme.com/tf-demo/edufield/assets/fonts/Aller-Light.woff]
[envytheme.com/tf-demo/edufield/assets/fonts/AllerDisplay.woff2]
[envytheme.com/tf-demo/edufield/assets/fonts/AllerDisplay.woff]
[envytheme.com/tf-demo/edufield/assets/fonts/Aller.woff2]
[envytheme.com/tf-demo/edufield/assets/fonts/Aller.woff]
[envytheme.com/tf-demo/edufield/assets/fonts/Aller-LightItalic.woff2]
[envytheme.com/tf-demo/edufield/assets/fonts/Aller-LightItalic.woff]
[envytheme.com/tf-demo/edufield/assets/fonts/Aller-Bold.woff2]
[envytheme.com/tf-demo/edufield/assets/fonts/Aller-Bold.woff]
[envytheme.com/tf-demo/edufield/assets/fonts/Aller-Italic.woff2]
[envytheme.com/tf-demo/edufield/assets/fonts/Aller-Italic.woff]
[envytheme.com/tf-demo/edufield/assets/img/title-bg.png]
[envytheme.com/tf-demo/edufield/assets/img/close.png]
[envytheme.com/tf-demo/edufield/assets/img/home-bg1.jpg]
[envytheme.com/tf-demo/edufield/assets/img/main-banner-img.jpg]
[envytheme.com/tf-demo/edufield/assets/img/slider-one.jpg]
[envytheme.com/tf-demo/edufield/assets/img/slider-two.jpg]
[envytheme.com/tf-demo/edufield/assets/img/slider-three.jpg]
[envytheme.com/tf-demo/edufield/assets/img/home-three.jpg]
[envytheme.com/tf-demo/edufield/assets/img/section-divider-top.png]
[envytheme.com/tf-demo/edufield/assets/img/pattern.png]
[envytheme.com/tf-demo/edufield/assets/img/why-choose-us.jpg]
[envytheme.com/tf-demo/edufield/assets/img/fun-facts-bg.jpg]
[envytheme.com/tf-demo/edufield/assets/img/fun-facts-bg2.jpg]
[envytheme.com/tf-demo/edufield/assets/img/fun-facts-bg3.jpg]
[envytheme.com/tf-demo/edufield/assets/img/apply-bg.jpg]
[envytheme.com/tf-demo/edufield/assets/img/vector.png]
[envytheme.com/tf-demo/edufield/assets/img/ctr-bg.jpg]
[envytheme.com/tf-demo/edufield/assets/img/section-divider-bottom.png]
[envytheme.com/tf-demo/edufield/assets/img/news-letter-bg.jpg]
[envytheme.com/tf-demo/edufield/assets/img/pat.png]
[envytheme.com/tf-demo/edufield/assets/img/footer-bg.png]
[envytheme.com/tf-demo/edufield/assets/css/style.css]
[envytheme.com/tf-demo/edufield/assets/css/responsive.css]
[envytheme.com/tf-demo/edufield/assets/img/shape1.png]
[envytheme.com/tf-demo/edufield/assets/img/shape2.png]
[envytheme.com/tf-demo/edufield/assets/img/icon1.png]
[envytheme.com/tf-demo/edufield/assets/img/icon2.png]
[envytheme.com/tf-demo/edufield/assets/img/icon3.png]
[envytheme.com/tf-demo/edufield/assets/img/icon4.png]
[envytheme.com/tf-demo/edufield/index-two.html]
[envytheme.com/tf-demo/edufield/assets/img/partner1.png]
[envytheme.com/tf-demo/edufield/assets/img/partner2.png]
[envytheme.com/tf-demo/edufield/assets/img/partner3.png]
[envytheme.com/tf-demo/edufield/assets/img/partner4.png]
[envytheme.com/tf-demo/edufield/assets/img/partner5.png]
[envytheme.com/tf-demo/edufield/assets/img/partner6.png]
[envytheme.com/tf-demo/edufield/assets/img/partner7.png]
[envytheme.com/tf-demo/edufield/assets/img/partner8.png]
[envytheme.com/tf-demo/edufield/index-three.html]
[envytheme.com/tf-demo/edufield/index-four.html]
[envytheme.com/tf-demo/edufield/assets/img/about-img1.jpg]
[envytheme.com/tf-demo/edufield/assets/img/about-img2.jpg]
[envytheme.com/tf-demo/edufield/assets/img/about-img3.jpg]
[envytheme.com/tf-demo/edufield/about.html]
[envytheme.com/tf-demo/edufield/admission.html]
[envytheme.com/tf-demo/edufield/teacher-style-one.html]
[envytheme.com/tf-demo/edufield/teacher-style-two.html]
[envytheme.com/tf-demo/edufield/single-teacher.html]
[envytheme.com/tf-demo/edufield/courses-style-one.html]
[envytheme.com/tf-demo/edufield/courses-style-two.html]
[envytheme.com/tf-demo/edufield/assets/img/courses-details.jpg]
[envytheme.com/tf-demo/edufield/single-courses.html]
[envytheme.com/tf-demo/edufield/event-style-one.html]
[envytheme.com/tf-demo/edufield/event-style-two.html]
[envytheme.com/tf-demo/edufield/assets/img/event-details.jpg]
[envytheme.com/tf-demo/edufield/single-events.html]
[envytheme.com/tf-demo/edufield/blog-style-one.html]
[envytheme.com/tf-demo/edufield/blog-style-two.html]
[envytheme.com/tf-demo/edufield/blog-style-three.html]
[envytheme.com/tf-demo/edufield/assets/img/blog-details.jpg]
[envytheme.com/tf-demo/edufield/assets/img/client-avatar1.jpg]
[envytheme.com/tf-demo/edufield/assets/img/client-avatar2.jpg]
[envytheme.com/tf-demo/edufield/assets/img/client-avatar3.jpg]
[envytheme.com/tf-demo/edufield/single-blog.html]
[envytheme.com/tf-demo/edufield/assets/img/shop1.jpg]
[envytheme.com/tf-demo/edufield/assets/img/shop2.jpg]
[envytheme.com/tf-demo/edufield/assets/img/shop3.jpg]
[envytheme.com/tf-demo/edufield/assets/img/shop4.jpg]
[envytheme.com/tf-demo/edufield/assets/img/shop-details.jpg]
[envytheme.com/tf-demo/edufield/shop-style-one.html]
[envytheme.com/tf-demo/edufield/shop-style-two.html]
[envytheme.com/tf-demo/edufield/single-shop.html]
[envytheme.com/tf-demo/edufield/cart.html]
[envytheme.com/tf-demo/edufield/checkout.html]
[envytheme.com/tf-demo/edufield/contact-style-one.html]
[envytheme.com/tf-demo/edufield/contact-style-two.html]
[envytheme.com/tf-demo/edufield/error.html]
[envytheme.com/tf-demo/edufield/faq.html]
[envytheme.com/tf-demo/edufield/login.html]
[envytheme.com/tf-demo/edufield/register.html]
[envytheme.com/tf-demo/edufield/assets/fonts/classycb9b.svg]
[envytheme.com/tf-demo/edufield/assets/css/owl.video.play.html]
[envytheme.com/tf-demo/edufield/assets/js/EduField-map.html]
